<html>
<body>
<pre>
<h1>µVision Build Log</h1>
<h2>Tool Versions:</h2>
IDE-Version: µVision V5.39.0.0
Copyright (C) 2023 ARM Ltd and ARM Germany GmbH. All rights reserved.
License Information: VItor Dalpra
UTFPR
User-based license: Keil MDK Community (non-commercial free of charge)
Valid until: May 31 2033. Cached until: Jun 16 2024
 
Tool Versions:
Toolchain:       Keil MDK Community (non-commercial free of charge  Version: 5.39.0.0
Toolchain Path:  C:\Keil_v5\ARM\ARMCLANG\Bin
C Compiler:      ArmClang.exe V6.21
Assembler:       Armasm.exe V6.21
Linker/Locator:  ArmLink.exe V6.21
Library Manager: ArmAr.exe V6.21
Hex Converter:   FromElf.exe V6.21
CPU DLL:         SARMCM3.DLL V5.39.0.0
Dialog DLL:      DCM.DLL V1.17.5.0
Target DLL:      lmidk-agdi.dll V???
Dialog DLL:      TCM.DLL V1.56.4.0
 
<h2>Project:</h2>
C:\Users\vitor\Desktop\ucontrolados\Pratica4\pratica4.uvprojx
Project File Date:  06/09/2024

<h2>Output:</h2>
*** Using Compiler 'V6.21', folder: 'C:\Keil_v5\ARM\ARMCLANG\Bin'
Build target 'Target 1'
src/gpio.c(20): warning: invalid UTF-8 in comment [-Winvalid-utf8]
   20 | // Fun<E7><E3>o GPIO_Init
      |       ^
src/gpio.c(22): warning: invalid UTF-8 in comment [-Winvalid-utf8]
   22 | // Par<E2>metro de entrada: N<E3>o tem
      |       ^
src/gpio.c(22): warning: invalid UTF-8 in comment [-Winvalid-utf8]
   22 | // Par<E2>metro de entrada: N<E3>o tem
      |                              ^
src/gpio.c(23): warning: invalid UTF-8 in comment [-Winvalid-utf8]
   23 | // Par<E2>metro de sa<ED>da: N<E3>o tem
      |       ^
src/gpio.c(23): warning: invalid UTF-8 in comment [-Winvalid-utf8]
   23 | // Par<E2>metro de sa<ED>da: N<E3>o tem
      |                      ^
src/gpio.c(23): warning: invalid UTF-8 in comment [-Winvalid-utf8]
   23 | // Par<E2>metro de sa<ED>da: N<E3>o tem
      |                               ^
src/gpio.c(28): warning: invalid UTF-8 in comment [-Winvalid-utf8]
   28 |         //1b.   ap<F3>s isso verificar no PRGPIO se a porta est<E1> pronta para uso.
      |                   ^
src/gpio.c(28): warning: invalid UTF-8 in comment [-Winvalid-utf8]
   28 |         //1b.   ap<F3>s isso verificar no PRGPIO se a porta est<E1> pronta para uso.
      |                                                                ^
src/gpio.c(31): warning: invalid UTF-8 in comment [-Winvalid-utf8]
   31 |         // 2. Limpar o AMSEL para desabilitar a anal<F3>gica
      |                                                     ^
src/gpio.c(41): warning: invalid UTF-8 in comment [-Winvalid-utf8]
   41 |         // 4. DIR para 0 se for entrada, 1 se for sa<ED>da
      |                                                     ^
src/gpio.c(45): warning: invalid UTF-8 in comment [-Winvalid-utf8]
   45 |         // 5. Limpar os bits AFSEL para 0 para selecionar GPIO sem fun<E7><E3>o alternativa   
      |                                                                       ^
11 warnings generated.
compiling gpio.c...
src/main.c(35): warning: 'return' will never be executed [-Wunreachable-code-return]
   35 |         return 0;
      |                ^
1 warning generated.
compiling main.c...
src/teste_led.c.c(34): warning: no previous prototype for function 'GPIO_Init_LEDS' [-Wmissing-prototypes]
   34 | void GPIO_Init_LEDS(void)
      |      ^
src/teste_led.c.c(34): note: declare 'static' if the function is not intended to be used outside of this translation unit
   34 | void GPIO_Init_LEDS(void)
      | ^
      | static 
src/teste_led.c.c(76): warning: no previous prototype for function 'acenderLeds' [-Wmissing-prototypes]
   76 | void acenderLeds(uint8_t leds){
      |      ^
src/teste_led.c.c(76): note: declare 'static' if the function is not intended to be used outside of this translation unit
   76 | void acenderLeds(uint8_t leds){
      | ^
      | static 
2 warnings generated.
compiling teste_led.c.c...
src/adc.c(1): warning: In file included from...
src/adc.h(6): warning: a function declaration without a prototype is deprecated in all versions of C [-Wstrict-prototypes]
    6 | int readADC();
      |            ^
      |             void
src/adc.c(19): warning: empty expression statement has no effect; remove unnecessary ';' to silence this warning [-Wextra-semi-stmt]
   19 |         while((SYSCTL_PRGPIO_R & (GPIO_PORTE) ) != (GPIO_PORTE) ){};
      |                                                                    ^
src/adc.c(25): warning: implicit conversion changes signedness: 'int' to 'uint32_t' (aka 'unsigned int') [-Wsign-conversion]
   25 |         GPIO_PORTE_AHB_PCTL_R &= ~0xF0000;
      |                               ~~ ^~~~~~~~
src/adc.c(28): warning: implicit conversion changes signedness: 'int' to 'uint32_t' (aka 'unsigned int') [-Wsign-conversion]
   28 |         GPIO_PORTE_AHB_DIR_R &= ~0x10;
      |                              ~~ ^~~~~
src/adc.c(34): warning: implicit conversion changes signedness: 'int' to 'uint32_t' (aka 'unsigned int') [-Wsign-conversion]
   34 |         GPIO_PORTE_AHB_DEN_R &= ~0x10;
      |                              ~~ ^~~~~
src/adc.c(40): warning: empty expression statement has no effect; remove unnecessary ';' to silence this warning [-Wextra-semi-stmt]
   40 |         while((SYSCTL_PRADC_R & SYSCTL_RCGCADC_R0) != SYSCTL_RCGCADC_R0 ){};
      |                                                                            ^
src/adc.c(41): warning: implicit conversion changes signedness: 'int' to 'uint32_t' (aka 'unsigned int') [-Wsign-conversion]
   41 |         ADC0_ACTSS_R &= ~ADC_ACTSS_ASEN0; // DESLIGA
      |                      ~~ ^~~~~~~~~~~~~~~~
src/adc.c(53): warning: a function declaration without a prototype is deprecated in all versions of C [-Wstrict-prototypes]
   53 | int readADC()
      |            ^
      |             void
src/adc.c(56): warning: empty expression statement has no effect; remove unnecessary ';' to silence this warning [-Wextra-semi-stmt]
   56 |         while((ADC0_RIS_R & 0x1)!=0x1){};
      |                                         ^
src/adc.c(57): warning: implicit conversion changes signedness: 'volatile uint32_t' (aka 'volatile unsigned int') to 'int' [-Wsign-conversion]
   57 |         int result = ADC0_SSFIFO0_R; //Retira da fila a entrada da SS0
      |             ~~~~~~   ^~~~~~~~~~~~~~
src/tm4c1294ncpdt.h(916): note: expanded from macro 'ADC0_SSFIFO0_R'
  916 | #define ADC0_SSFIFO0_R          (*((volatile uint32_t *)0x40038048))
      |                                  ^~~~~~~~~~~~~~~~~~~~~~~~~~~~~~~~~~
src/adc.c(57): warning: mixing declarations and code is incompatible with standards before C99 [-Wdeclaration-after-statement]
   57 |         int result = ADC0_SSFIFO0_R; //Retira da fila a entrada da SS0
      |             ^
src/adc.c(53): warning: no previous prototype for function 'readADC' [-Wmissing-prototypes]
   53 | int readADC()
      |     ^
src/adc.h(6): note: this declaration is not a prototype; add 'void' to make it a prototype for a zero-parameter function
    6 | int readADC();
      |     ^       
      |             void
12 warnings generated.
compiling adc.c...
src/pwm.c(1): warning: In file included from...
src/pwm.h(6): warning: no newline at end of file [-Wnewline-eof]
    6 | #endif
      |       ^
src/pwm.c(8): warning: no previous extern declaration for non-static variable 'pwm' [-Wmissing-variable-declarations]
    8 | uint8_t pwm = 0;
      |         ^
src/pwm.c(8): note: declare 'static' if the variable is not intended to be used outside of this translation unit
    8 | uint8_t pwm = 0;
      | ^
src/pwm.c(9): warning: no previous extern declaration for non-static variable 'on' [-Wmissing-variable-declarations]
    9 | uint8_t on =0;
      |         ^
src/pwm.c(9): note: declare 'static' if the variable is not intended to be used outside of this translation unit
    9 | uint8_t on =0;
      | ^
src/pwm.c(12): warning: invalid UTF-8 in comment [-Winvalid-utf8]
   12 | * @brief dado um valor inteiro entre -100 e 100, seta um pwm para a sa<ED>da F2, sendo entrada 0 parado e entrada -100 ou 100 velocidade m<E1>xima.
      |                                                                       ^
src/pwm.c(12): warning: invalid UTF-8 in comment [-Winvalid-utf8]
   12 | * @brief dado um valor inteiro entre -100 e 100, seta um pwm para a sa<ED>da F2, sendo entrada 0 parado e entrada -100 ou 100 velocidade m<E1>xima.
      |                                                                                                                                           ^
src/pwm.c(13): warning: invalid UTF-8 in comment [-Winvalid-utf8]
   13 | * O sinal controla a dire<E7><E3>o de movimento, sendo negativo, setada as sa<ED>das da ponte H para E0 = 1 E1 = 0, e positivo E0 =0 e E1 = 1.
      |                          ^
src/pwm.c(13): warning: invalid UTF-8 in comment [-Winvalid-utf8]
   13 | * O sinal controla a dire<E7><E3>o de movimento, sendo negativo, setada as sa<ED>das da ponte H para E0 = 1 E1 = 0, e positivo E0 =0 e E1 = 1.
      |                                                                              ^
src/pwm.c(29): warning: implicit conversion changes signedness: 'int' to 'uint32_t' (aka 'unsigned int') [-Wsign-conversion]
   29 |                 GPIO_PORTE_AHB_DATA_R = GPIO_PORTE_AHB_DATA_R & ~0x3;
      |                                                               ~ ^~~~
src/pwm.c(31): warning: '&' within '|' [-Wbitwise-op-parentheses]
   31 |                 GPIO_PORTE_AHB_DATA_R = GPIO_PORTE_AHB_DATA_R & ~0x3 | 0x1;
      |                                         ~~~~~~~~~~~~~~~~~~~~~~^~~~~~ ~
src/pwm.c(31): note: place parentheses around the '&' expression to silence this warning
   31 |                 GPIO_PORTE_AHB_DATA_R = GPIO_PORTE_AHB_DATA_R & ~0x3 | 0x1;
      |                                         ~~~~~~~~~~~~~~~~~~~~~~^~~~~~
src/pwm.c(31): warning: implicit conversion changes signedness: 'int' to 'uint32_t' (aka 'unsigned int') [-Wsign-conversion]
   31 |                 GPIO_PORTE_AHB_DATA_R = GPIO_PORTE_AHB_DATA_R & ~0x3 | 0x1;
      |                                                               ~ ^~~~
src/pwm.c(33): warning: '&' within '|' [-Wbitwise-op-parentheses]
   33 |                 GPIO_PORTE_AHB_DATA_R = GPIO_PORTE_AHB_DATA_R & ~0x3 | 0x2;
      |                                         ~~~~~~~~~~~~~~~~~~~~~~^~~~~~ ~
src/pwm.c(33): note: place parentheses around the '&' expression to silence this warning
   33 |                 GPIO_PORTE_AHB_DATA_R = GPIO_PORTE_AHB_DATA_R & ~0x3 | 0x2;
      |                                         ~~~~~~~~~~~~~~~~~~~~~~^~~~~~
src/pwm.c(33): warning: implicit conversion changes signedness: 'int' to 'uint32_t' (aka 'unsigned int') [-Wsign-conversion]
   33 |                 GPIO_PORTE_AHB_DATA_R = GPIO_PORTE_AHB_DATA_R & ~0x3 | 0x2;
      |                                                               ~ ^~~~
src/pwm.c(36): warning: invalid UTF-8 in comment [-Winvalid-utf8]
   36 | //faz setup dos pinos E0 e E1, e F2 para o controle de dire<E7><E3>o do pwm
      |                                                            ^
src/pwm.c(37): warning: a function declaration without a prototype is deprecated in all versions of C [-Wstrict-prototypes]
   37 | void setupPWM()
      |              ^
      |               void
src/pwm.c(41): warning: invalid UTF-8 in comment [-Winvalid-utf8]
   41 |         //1b.   ap<F3>s isso verificar no PRGPIO se a porta est<E1> pronta para uso.
      |                   ^
src/pwm.c(41): warning: invalid UTF-8 in comment [-Winvalid-utf8]
   41 |         //1b.   ap<F3>s isso verificar no PRGPIO se a porta est<E1> pronta para uso.
      |                                                                ^
src/pwm.c(44): warning: invalid UTF-8 in comment [-Winvalid-utf8]
   44 |         // 2. Limpar o AMSEL para desabilitar a anal<F3>gica
      |                                                     ^
src/pwm.c(42): warning: empty expression statement has no effect; remove unnecessary ';' to silence this warning [-Wextra-semi-stmt]
   42 |   while((SYSCTL_PRGPIO_R & (GPIO_PORTE | GPIO_PORTF) ) != (GPIO_PORTE | GPIO_PORTF) ){};
      |                                                                                        ^
src/pwm.c(45): warning: implicit conversion changes signedness: 'int' to 'uint32_t' (aka 'unsigned int') [-Wsign-conversion]
   45 |         GPIO_PORTE_AHB_AMSEL_R &= ~0x3; //apenas os bits 0 e 1
      |                                ~~ ^~~~
src/pwm.c(46): warning: implicit conversion changes signedness: 'int' to 'uint32_t' (aka 'unsigned int') [-Wsign-conversion]
   46 |         GPIO_PORTF_AHB_AMSEL_R &= ~0x04; // apenas o bit 2
      |                                ~~ ^~~~~
src/pwm.c(49): warning: implicit conversion changes signedness: 'int' to 'uint32_t' (aka 'unsigned int') [-Wsign-conversion]
   49 |         GPIO_PORTE_AHB_PCTL_R &= ~0xFF;
      |                               ~~ ^~~~~
src/pwm.c(53): warning: invalid UTF-8 in comment [-Winvalid-utf8]
   53 |         // 4. DIR para 0 se for entrada, 1 se for sa<ED>da
      |                                                     ^
src/pwm.c(50): warning: implicit conversion changes signedness: 'int' to 'uint32_t' (aka 'unsigned int') [-Wsign-conversion]
   50 |         GPIO_PORTF_AHB_PCTL_R &= ~0xF00;
      |                               ~~ ^~~~~~
src/pwm.c(57): warning: invalid UTF-8 in comment [-Winvalid-utf8]
   57 |         // 5. Limpar os bits AFSEL para 0 para selecionar GPIO sem fun<E7><E3>o alternativa   
      |                                                                       ^
src/pwm.c(58): warning: implicit conversion changes signedness: 'int' to 'uint32_t' (aka 'unsigned int') [-Wsign-conversion]
   58 |         GPIO_PORTE_AHB_AFSEL_R &= ~0x3;
      |                                ~~ ^~~~
src/pwm.c(59): warning: implicit conversion changes signedness: 'int' to 'uint32_t' (aka 'unsigned int') [-Wsign-conversion]
   59 |         GPIO_PORTF_AHB_AFSEL_R &= ~0x4;
      |                                ~~ ^~~~
src/pwm.c(67): warning: empty expression statement has no effect; remove unnecessary ';' to silence this warning [-Wextra-semi-stmt]
   67 |         while((SYSCTL_PRTIMER_R & SYSCTL_PRTIMER_R2) != SYSCTL_PRTIMER_R2){};
      |                                                                             ^
src/pwm.c(68): warning: implicit conversion changes signedness: 'int' to 'uint32_t' (aka 'unsigned int') [-Wsign-conversion]
   68 |         TIMER2_CTL_R &= ~TIMER_CTL_TAEN;
      |                      ~~ ^~~~~~~~~~~~~~~
src/pwm.c(76): warning: signed shift result (0xA0000000) sets the sign bit of the shift expression's type ('int') and becomes negative [-Wshift-sign-overflow]
   76 |         NVIC_PRI5_R |= 5<<29;
      |                        ~^ ~~
src/pwm.c(76): warning: implicit conversion changes signedness: 'int' to 'uint32_t' (aka 'unsigned int') [-Wsign-conversion]
   76 |         NVIC_PRI5_R |= 5<<29;
      |                     ~~ ~^~~~
src/pwm.c(81): warning: a function declaration without a prototype is deprecated in all versions of C [-Wstrict-prototypes]
   81 | void Timer2A_Handler()
      |                     ^
      |                      void
src/pwm.c(90): warning: invalid UTF-8 in comment [-Winvalid-utf8]
   90 |         //atualiza sa<ED>da do pwm
      |                      ^
src/pwm.c(91): warning: '&' within '|' [-Wbitwise-op-parentheses]
   91 |         GPIO_PORTF_AHB_DATA_R = GPIO_PORTF_AHB_DATA_R & ~0x4 | (on) ? 0x4 : 0x0;
      |                                 ~~~~~~~~~~~~~~~~~~~~~~^~~~~~ ~
src/pwm.c(91): note: place parentheses around the '&' expression to silence this warning
   91 |         GPIO_PORTF_AHB_DATA_R = GPIO_PORTF_AHB_DATA_R & ~0x4 | (on) ? 0x4 : 0x0;
      |                                 ~~~~~~~~~~~~~~~~~~~~~~^~~~~~
src/pwm.c(91): warning: implicit conversion changes signedness: 'int' to 'uint32_t' (aka 'unsigned int') [-Wsign-conversion]
   91 |         GPIO_PORTF_AHB_DATA_R = GPIO_PORTF_AHB_DATA_R & ~0x4 | (on) ? 0x4 : 0x0;
      |                                                       ~ ^~~~
src/pwm.c(93): warning: no newline at end of file [-Wnewline-eof]
   93 | }
      |  ^
src/pwm.c(81): warning: no previous prototype for function 'Timer2A_Handler' [-Wmissing-prototypes]
   81 | void Timer2A_Handler()
      |      ^
src/pwm.c(81): note: declare 'static' if the function is not intended to be used outside of this translation unit
   81 | void Timer2A_Handler()
      | ^
      | static 
36 warnings generated.
compiling pwm.c...
linking...
Program Size: Code=2436 RO-data=16 RW-data=0 ZI-data=1128  
".\Objects\pratica4.axf" - 0 Error(s), 62 Warning(s).

<h2>Software Packages used:</h2>

Package Vendor: Keil
                http://www.keil.com/pack/Keil.TM4C_DFP.1.1.0.pack
                Keil::TM4C_DFP@1.1.0
                Texas Instruments Tiva C Series Device Support and Examples

<h2>Collection of Component include folders:</h2>
  D:/Keil/Keil/TM4C_DFP/1.1.0/Device/Include/TM4C129

<h2>Collection of Component Files used:</h2>
Build Time Elapsed:  00:00:01
</pre>
</body>
</html>
