<html>
<body>
<pre>
<h1>µVision Build Log</h1>
<h2>Tool Versions:</h2>
IDE-Version: µVision V5.39.0.0
Copyright (C) 2023 ARM Ltd and ARM Germany GmbH. All rights reserved.
License Information: VItor Dalpra
UTFPR
User-based license: Keil MDK Community (non-commercial free of charge)
Valid until: May 31 2033. Cached until: Jun 3 2024
 
Tool Versions:
Toolchain:       Keil MDK Community (non-commercial free of charge  Version: 5.39.0.0
Toolchain Path:  C:\Keil_v5\ARM\ARMCLANG\Bin
C Compiler:      ArmClang.exe V6.21
Assembler:       Armasm.exe V6.21
Linker/Locator:  ArmLink.exe V6.21
Library Manager: ArmAr.exe V6.21
Hex Converter:   FromElf.exe V6.21
CPU DLL:         SARMCM3.DLL V5.39.0.0
Dialog DLL:      DCM.DLL V1.17.5.0
Target DLL:      lmidk-agdi.dll V???
Dialog DLL:      TCM.DLL V1.56.4.0
 
<h2>Project:</h2>
C:\Users\vitor\Desktop\ucontrolados\Pratica3\pratica3.uvprojx
Project File Date:  05/28/2024

<h2>Output:</h2>
*** Using Compiler 'V6.21', folder: 'C:\Keil_v5\ARM\ARMCLANG\Bin'
Build target 'Target 1'
src/uart.c(16): warning: invalid UTF-8 in comment [-Winvalid-utf8]
   16 | // Fun<E7><E3>o GPIO_Init
      |       ^
src/uart.c(18): warning: invalid UTF-8 in comment [-Winvalid-utf8]
   18 | // Par<E2>metro de entrada: N<E3>o tem
      |       ^
src/uart.c(18): warning: invalid UTF-8 in comment [-Winvalid-utf8]
   18 | // Par<E2>metro de entrada: N<E3>o tem
      |                              ^
src/uart.c(19): warning: invalid UTF-8 in comment [-Winvalid-utf8]
   19 | // Par<E2>metro de sa<ED>da: N<E3>o tem
      |       ^
src/uart.c(19): warning: invalid UTF-8 in comment [-Winvalid-utf8]
   19 | // Par<E2>metro de sa<ED>da: N<E3>o tem
      |                      ^
src/uart.c(19): warning: invalid UTF-8 in comment [-Winvalid-utf8]
   19 | // Par<E2>metro de sa<ED>da: N<E3>o tem
      |                               ^
src/uart.c(25): warning: invalid UTF-8 in comment [-Winvalid-utf8]
   25 |         //1b.   ap<F3>s isso verificar no PRGPIO se a porta est<E1> pronta para uso.
      |                   ^
src/uart.c(25): warning: invalid UTF-8 in comment [-Winvalid-utf8]
   25 |         //1b.   ap<F3>s isso verificar no PRGPIO se a porta est<E1> pronta para uso.
      |                                                                ^
src/uart.c(26): warning: empty expression statement has no effect; remove unnecessary ';' to silence this warning [-Wextra-semi-stmt]
   26 |   while(SYSCTL_PRUART_R!= 1){};
      |                               ^
src/uart.c(20): warning: no previous prototype for function 'UART_Init' [-Wmissing-prototypes]
   20 | void UART_Init(void)
      |      ^
src/uart.c(20): note: declare 'static' if the function is not intended to be used outside of this translation unit
   20 | void UART_Init(void)
      | ^
      | static 
src/uart.c(38): warning: no previous prototype for function 'Transmissao' [-Wmissing-prototypes]
   38 | void Transmissao(char var){
      |      ^
src/uart.c(38): note: declare 'static' if the function is not intended to be used outside of this translation unit
   38 | void Transmissao(char var){
      | ^
      | static 
src/uart.c(44): warning: no previous prototype for function 'Recepcao' [-Wmissing-prototypes]
   44 | uint8_t Recepcao(uint32_t *var){
      |         ^
src/uart.c(44): note: declare 'static' if the function is not intended to be used outside of this translation unit
   44 | uint8_t Recepcao(uint32_t *var){
      | ^
      | static 
12 warnings generated.
compiling uart.c...
linking...
Program Size: Code=2500 RO-data=16 RW-data=0 ZI-data=1128  
".\Objects\pratica3.axf" - 0 Error(s), 12 Warning(s).

<h2>Software Packages used:</h2>

Package Vendor: Keil
                http://www.keil.com/pack/Keil.TM4C_DFP.1.1.0.pack
                Keil::TM4C_DFP@1.1.0
                Texas Instruments Tiva C Series Device Support and Examples

<h2>Collection of Component include folders:</h2>
  D:/Keil/Keil/TM4C_DFP/1.1.0/Device/Include/TM4C129

<h2>Collection of Component Files used:</h2>
Build Time Elapsed:  00:00:01
</pre>
</body>
</html>
